01:17:54 **** Incremental Build of configuration Debug for project App1 ****
make -j16 all 
arm-none-eabi-gcc "../Src/main.c" -mcpu=cortex-m4 -std=gnu11 -g3 -DDEBUG -DNUCLEO_F411RE -DSTM32 -DSTM32F4 -DSTM32F411RETx -DSTM32F411xE -c -I../Inc -I"C:/Users/acer/Downloads/learn Embedded/Stm32BareMetal/BareMetalBootLoader/App1/chip_header/CMSIS/Include" -I"C:/Users/acer/Downloads/learn Embedded/Stm32BareMetal/BareMetalBootLoader/App1/chip_header/CMSIS/Device/ST/STM32F4xx/Include" -O0 -ffunction-sections -fdata-sections -Wall -fstack-usage -fcyclomatic-complexity -MMD -MP -MF"Src/main.d" -MT"Src/main.o" --specs=nano.specs -mfpu=fpv4-sp-d16 -mfloat-abi=hard -mthumb -o "Src/main.o"
arm-none-eabi-gcc -o "App1.elf" @"objects.list"   -mcpu=cortex-m4 -T"C:\Users\acer\Downloads\learn Embedded\Stm32BareMetal\BareMetalBootLoader\App1\STM32F411RETX_FLASH.ld" --specs=nosys.specs -Wl,-Map="App1.map" -Wl,--gc-sections -static --specs=nano.specs -mfpu=fpv4-sp-d16 -mfloat-abi=hard -mthumb -Wl,--start-group -lc -lm -Wl,--end-group
Finished building target: App1.elf
 
arm-none-eabi-size  App1.elf 
arm-none-eabi-objdump -h -S App1.elf  > "App1.list"
   text	   data	    bss	    dec	    hex	filename
   3720	     92	   1908	   5720	   1658	App1.elf
Finished building: default.size.stdout
 
Finished building: App1.list
 

01:17:54 Build Finished. 0 errors, 0 warnings. (took 494ms)

