01:12:50 **** Incremental Build of configuration Debug for project bootloader_stm32 ****
make -j16 all 
arm-none-eabi-gcc -o "bootloader_stm32.elf" @"objects.list"   -mcpu=cortex-m4 -T"C:\Users\acer\Downloads\learn Embedded\Stm32BareMetal\BareMetalBootLoader\bootloader_stm32\STM32F411RETX_FLASH.ld" --specs=nosys.specs -Wl,-Map="bootloader_stm32.map" -Wl,--gc-sections -static --specs=nano.specs -mfpu=fpv4-sp-d16 -mfloat-abi=hard -mthumb -Wl,--start-group -lc -lm -Wl,--end-group
Finished building target: bootloader_stm32.elf
 
arm-none-eabi-size  bootloader_stm32.elf 
arm-none-eabi-objdump -h -S bootloader_stm32.elf  > "bootloader_stm32.list"
   text	   data	    bss	    dec	    hex	filename
   6752	     92	   1916	   8760	   2238	bootloader_stm32.elf
Finished building: default.size.stdout
 
Finished building: bootloader_stm32.list
 

01:12:50 Build Finished. 0 errors, 0 warnings. (took 339ms)

