01:18:01 **** Incremental Build of configuration Debug for project Factory_App ****
make -j16 all 
arm-none-eabi-gcc "../Src/main.c" -mcpu=cortex-m4 -std=gnu11 -g3 -DDEBUG -DNUCLEO_F411RE -DSTM32 -DSTM32F4 -DSTM32F411RETx -DSTM32F411xE -c -I../Inc -I"C:/Users/acer/Downloads/learn Embedded/Stm32BareMetal/BareMetalBootLoader/Factory_App/chip_header/CMSIS/Include" -I"C:/Users/acer/Downloads/learn Embedded/Stm32BareMetal/BareMetalBootLoader/Factory_App/chip_header/CMSIS/Device/ST/STM32F4xx/Include" -O0 -ffunction-sections -fdata-sections -Wall -fstack-usage -fcyclomatic-complexity -MMD -MP -MF"Src/main.d" -MT"Src/main.o" --specs=nano.specs -mfpu=fpv4-sp-d16 -mfloat-abi=hard -mthumb -o "Src/main.o"
arm-none-eabi-gcc -o "Factory_App.elf" @"objects.list"   -mcpu=cortex-m4 -T"C:\Users\acer\Downloads\learn Embedded\Stm32BareMetal\BareMetalBootLoader\Factory_App\STM32F411RETX_FLASH.ld" --specs=nosys.specs -Wl,-Map="Factory_App.map" -Wl,--gc-sections -static --specs=nano.specs -mfpu=fpv4-sp-d16 -mfloat-abi=hard -mthumb -Wl,--start-group -lc -lm -Wl,--end-group
Finished building target: Factory_App.elf
 
arm-none-eabi-size  Factory_App.elf 
arm-none-eabi-objdump -h -S Factory_App.elf  > "Factory_App.list"
   text	   data	    bss	    dec	    hex	filename
   3916	     92	   1908	   5916	   171c	Factory_App.elf
Finished building: default.size.stdout
 
Finished building: Factory_App.list
 

01:18:01 Build Finished. 0 errors, 0 warnings. (took 490ms)

